Technitium DNS Server was started successfully.
Using config folder: C:\Users\pasto\bust-base\tools\technitium\config

Note: Open http://change_consults:5380/ in web browser to access web console.

Press [CTRL + C] to stop...

Technitium DNS Server is stopping...
Technitium DNS Server was stopped successfully.
Technitium DNS Server was started successfully.
Using config folder: C:\Users\pasto\bust-base\tools\technitium\config

Note: Open http://change_consults:5380/ in web browser to access web console.

Press [CTRL + C] to stop...

Technitium DNS Server is stopping...
Technitium DNS Server was stopped successfully.
Technitium DNS Server was started successfully.
Using config folder: C:\Users\pasto\bust-base\tools\technitium\config

Note: Open http://change_consults:5380/ in web browser to access web console.

Press [CTRL + C] to stop...

Technitium DNS Server is stopping...
Technitium DNS Server was stopped successfully.
Technitium DNS Server was started successfully.
Using config folder: C:\Users\pasto\bust-base\tools\technitium\config

Note: Open http://change_consults:5380/ in web browser to access web console.

Press [CTRL + C] to stop...

Technitium DNS Server is stopping...
Technitium DNS Server was stopped successfully.
Technitium DNS Server was started successfully.
Using config folder: C:\Users\pasto\bust-base\tools\technitium\config

Note: Open http://change_consults:5380/ in web browser to access web console.

Press [CTRL + C] to stop...

Technitium DNS Server is stopping...
Technitium DNS Server was stopped successfully.
Technitium DNS Server was started successfully.
Using config folder: C:\Users\pasto\bust-base\tools\technitium\config

Note: Open http://change_consults:5380/ in web browser to access web console.

Press [CTRL + C] to stop...

Technitium DNS Server is stopping...
Technitium DNS Server was stopped successfully.
Technitium DNS Server was started successfully.
Using config folder: C:\Users\pasto\bust-base\tools\technitium\config

Note: Open http://change_consults:5380/ in web browser to access web console.

Press [CTRL + C] to stop...

Technitium DNS Server is stopping...
Technitium DNS Server was stopped successfully.
Technitium DNS Server was started successfully.
Using config folder: C:\Users\pasto\bust-base\tools\technitium\config

Note: Open http://change_consults:5380/ in web browser to access web console.

Press [CTRL + C] to stop...

Technitium DNS Server is stopping...
Technitium DNS Server was stopped successfully.
Technitium DNS Server was started successfully.
Using config folder: C:\Users\pasto\bust-base\tools\technitium\config

Note: Open http://change_consults:5380/ in web browser to access web console.

Press [CTRL + C] to stop...
