{"level":"info","ts":1787165478.0462568,"msg":"maxprocs: Leaving GOMAXPROCS=12: CPU quota undefined"}
{"level":"info","ts":1787165478.0462568,"msg":"GOMEMLIMIT is updated","GOMEMLIMIT":15164363980,"previous":9223372036854775807}
{"level":"info","ts":1787165478.0462568,"msg":"using config from file","file":"C:\\Users\\pasto\\bust-base\\Caddyfile"}
{"level":"info","ts":1787165478.0462568,"msg":"adapted config to JSON","adapter":"caddyfile"}
{"level":"warn","ts":1787165478.0462568,"msg":"Caddyfile input is not formatted; run 'caddy fmt --overwrite' to fix inconsistencies","adapter":"caddyfile","file":"C:\\Users\\pasto\\bust-base\\Caddyfile","line":20}
{"level":"info","ts":1787165478.0601246,"logger":"admin","msg":"admin endpoint started","address":"localhost:2019","enforce_origin":false,"origins":["//localhost:2019","//[::1]:2019","//127.0.0.1:2019"]}
{"level":"info","ts":1787165478.061173,"logger":"tls.cache.maintenance","msg":"started background certificate maintenance","cache":"0x274f5b0f5200"}
{"level":"warn","ts":1787165478.061173,"logger":"http.auto_https","msg":"server is listening only on the HTTP port, so no automatic HTTPS will be applied to this server","server_name":"srv0","http_port":80}
{"level":"warn","ts":1787165478.0622342,"logger":"http","msg":"HTTP/2 skipped because it requires TLS","network":"tcp","addr":":80"}
{"level":"warn","ts":1787165478.0622342,"logger":"http","msg":"HTTP/3 skipped because it requires TLS","network":"tcp","addr":":80"}
{"level":"info","ts":1787165478.0622342,"logger":"http.log","msg":"server running","name":"srv0","protocols":["h1","h2","h3"]}
{"level":"info","ts":1787165478.0640218,"msg":"autosaved config (load with --resume flag)","file":"C:\\Windows\\system32\\config\\systemprofile\\AppData\\Roaming\\Caddy\\autosave.json"}
{"level":"info","ts":1787165478.0640218,"msg":"serving initial configuration"}
{"level":"info","ts":1787165478.0711796,"logger":"tls","msg":"cleaning storage unit","storage":"FileStorage:C:\\Windows\\system32\\config\\systemprofile\\AppData\\Roaming\\Caddy"}
{"level":"info","ts":1787165478.0781922,"logger":"tls","msg":"finished cleaning storage units"}
{"level":"info","ts":1787208183.987147,"msg":"shutting down","signal":"SIGINT"}
{"level":"warn","ts":1787208183.987147,"msg":"exiting; byeee!! 👋","signal":"SIGINT"}
{"level":"info","ts":1787208183.9906611,"logger":"http","msg":"servers shutting down with eternal grace period"}
{"level":"info","ts":1787208183.9930844,"logger":"admin","msg":"stopped previous server","address":"localhost:2019"}
{"level":"info","ts":1787208183.9930844,"msg":"shutdown complete","signal":"SIGINT","exit_code":0}
{"level":"info","ts":1787208210.0286558,"msg":"maxprocs: Leaving GOMAXPROCS=12: CPU quota undefined"}
{"level":"info","ts":1787208210.0286558,"msg":"GOMEMLIMIT is updated","GOMEMLIMIT":15164363980,"previous":9223372036854775807}
{"level":"info","ts":1787208210.0286558,"msg":"using config from file","file":"C:\\Users\\pasto\\bust-base\\Caddyfile"}
{"level":"info","ts":1787208210.0286558,"msg":"adapted config to JSON","adapter":"caddyfile"}
{"level":"warn","ts":1787208210.0286558,"msg":"Caddyfile input is not formatted; run 'caddy fmt --overwrite' to fix inconsistencies","adapter":"caddyfile","file":"C:\\Users\\pasto\\bust-base\\Caddyfile","line":20}
{"level":"info","ts":1787208210.037252,"logger":"admin","msg":"admin endpoint started","address":"localhost:2019","enforce_origin":false,"origins":["//127.0.0.1:2019","//localhost:2019","//[::1]:2019"]}
{"level":"info","ts":1787208210.0380242,"logger":"tls.cache.maintenance","msg":"started background certificate maintenance","cache":"0x3b3a7b3f5180"}
{"level":"warn","ts":1787208210.0390997,"logger":"http.auto_https","msg":"server is listening only on the HTTP port, so no automatic HTTPS will be applied to this server","server_name":"srv0","http_port":80}
{"level":"warn","ts":1787208210.0399227,"logger":"http","msg":"HTTP/2 skipped because it requires TLS","network":"tcp","addr":":80"}
{"level":"warn","ts":1787208210.0399227,"logger":"http","msg":"HTTP/3 skipped because it requires TLS","network":"tcp","addr":":80"}
{"level":"info","ts":1787208210.0404305,"logger":"http.log","msg":"server running","name":"srv0","protocols":["h1","h2","h3"]}
{"level":"info","ts":1787208210.0404305,"msg":"autosaved config (load with --resume flag)","file":"C:\\Windows\\system32\\config\\systemprofile\\AppData\\Roaming\\Caddy\\autosave.json"}
{"level":"info","ts":1787208210.0404305,"msg":"serving initial configuration"}
{"level":"info","ts":1787208210.0439131,"logger":"tls","msg":"storage cleaning happened too recently; skipping for now","storage":"FileStorage:C:\\Windows\\system32\\config\\systemprofile\\AppData\\Roaming\\Caddy","instance":"33804f79-2b80-489d-8b79-9eb10b4736cf","try_again":1787294610.0439131,"try_again_in":86400}
{"level":"info","ts":1787208210.0444229,"logger":"tls","msg":"finished cleaning storage units"}
{"level":"info","ts":1787208757.233135,"msg":"shutting down","signal":"SIGINT"}
{"level":"warn","ts":1787208757.233135,"msg":"exiting; byeee!! 👋","signal":"SIGINT"}
{"level":"info","ts":1787208757.233135,"logger":"http","msg":"servers shutting down with eternal grace period"}
{"level":"info","ts":1787208757.2337093,"logger":"admin","msg":"stopped previous server","address":"localhost:2019"}
{"level":"info","ts":1787208757.2337093,"msg":"shutdown complete","signal":"SIGINT","exit_code":0}
{"level":"info","ts":1787209249.5278633,"msg":"maxprocs: Leaving GOMAXPROCS=12: CPU quota undefined"}
{"level":"info","ts":1787209249.5278633,"msg":"GOMEMLIMIT is updated","GOMEMLIMIT":15164363980,"previous":9223372036854775807}
{"level":"info","ts":1787209249.5278633,"msg":"using config from file","file":"C:\\Users\\pasto\\bust-base\\Caddyfile"}
{"level":"info","ts":1787209249.5278633,"msg":"adapted config to JSON","adapter":"caddyfile"}
{"level":"warn","ts":1787209249.5278633,"msg":"Caddyfile input is not formatted; run 'caddy fmt --overwrite' to fix inconsistencies","adapter":"caddyfile","file":"C:\\Users\\pasto\\bust-base\\Caddyfile","line":20}
{"level":"info","ts":1787209249.537782,"logger":"admin","msg":"admin endpoint started","address":"localhost:2019","enforce_origin":false,"origins":["//localhost:2019","//[::1]:2019","//127.0.0.1:2019"]}
{"level":"warn","ts":1787209249.5378513,"logger":"http.auto_https","msg":"server is listening only on the HTTP port, so no automatic HTTPS will be applied to this server","server_name":"srv0","http_port":80}
{"level":"info","ts":1787209249.5378513,"logger":"tls.cache.maintenance","msg":"started background certificate maintenance","cache":"0x2146594f000"}
{"level":"warn","ts":1787209249.5384173,"logger":"http","msg":"HTTP/2 skipped because it requires TLS","network":"tcp","addr":":80"}
{"level":"warn","ts":1787209249.5384173,"logger":"http","msg":"HTTP/3 skipped because it requires TLS","network":"tcp","addr":":80"}
{"level":"info","ts":1787209249.5384173,"logger":"http.log","msg":"server running","name":"srv0","protocols":["h1","h2","h3"]}
{"level":"info","ts":1787209249.5384173,"msg":"autosaved config (load with --resume flag)","file":"C:\\Windows\\system32\\config\\systemprofile\\AppData\\Roaming\\Caddy\\autosave.json"}
{"level":"info","ts":1787209249.5384173,"msg":"serving initial configuration"}
{"level":"info","ts":1787209249.5427444,"logger":"tls","msg":"storage cleaning happened too recently; skipping for now","storage":"FileStorage:C:\\Windows\\system32\\config\\systemprofile\\AppData\\Roaming\\Caddy","instance":"33804f79-2b80-489d-8b79-9eb10b4736cf","try_again":1787295649.5427444,"try_again_in":86400}
{"level":"info","ts":1787209249.5432775,"logger":"tls","msg":"finished cleaning storage units"}
{"level":"info","ts":1787209671.1400986,"msg":"shutting down","signal":"SIGINT"}
{"level":"warn","ts":1787209671.1400986,"msg":"exiting; byeee!! 👋","signal":"SIGINT"}
{"level":"info","ts":1787209671.1400986,"logger":"http","msg":"servers shutting down with eternal grace period"}
{"level":"info","ts":1787209671.1420672,"logger":"admin","msg":"stopped previous server","address":"localhost:2019"}
{"level":"info","ts":1787209671.1420672,"msg":"shutdown complete","signal":"SIGINT","exit_code":0}
{"level":"info","ts":1787209706.141949,"msg":"maxprocs: Leaving GOMAXPROCS=12: CPU quota undefined"}
{"level":"info","ts":1787209706.141949,"msg":"GOMEMLIMIT is updated","GOMEMLIMIT":15164363980,"previous":9223372036854775807}
{"level":"info","ts":1787209706.141949,"msg":"using config from file","file":"C:\\Users\\pasto\\bust-base\\Caddyfile"}
{"level":"info","ts":1787209706.141949,"msg":"adapted config to JSON","adapter":"caddyfile"}
{"level":"warn","ts":1787209706.141949,"msg":"Caddyfile input is not formatted; run 'caddy fmt --overwrite' to fix inconsistencies","adapter":"caddyfile","file":"C:\\Users\\pasto\\bust-base\\Caddyfile","line":20}
{"level":"info","ts":1787209706.1502903,"logger":"admin","msg":"admin endpoint started","address":"localhost:2019","enforce_origin":false,"origins":["//localhost:2019","//[::1]:2019","//127.0.0.1:2019"]}
{"level":"warn","ts":1787209706.1502903,"logger":"http.auto_https","msg":"server is listening only on the HTTP port, so no automatic HTTPS will be applied to this server","server_name":"srv0","http_port":80}
{"level":"info","ts":1787209706.1502903,"logger":"tls.cache.maintenance","msg":"started background certificate maintenance","cache":"0x6cc97617400"}
{"level":"warn","ts":1787209706.1507993,"logger":"http","msg":"HTTP/2 skipped because it requires TLS","network":"tcp","addr":":80"}
{"level":"warn","ts":1787209706.1507993,"logger":"http","msg":"HTTP/3 skipped because it requires TLS","network":"tcp","addr":":80"}
{"level":"info","ts":1787209706.1507993,"logger":"http.log","msg":"server running","name":"srv0","protocols":["h1","h2","h3"]}
{"level":"info","ts":1787209706.151408,"msg":"autosaved config (load with --resume flag)","file":"C:\\Windows\\system32\\config\\systemprofile\\AppData\\Roaming\\Caddy\\autosave.json"}
{"level":"info","ts":1787209706.151408,"msg":"serving initial configuration"}
{"level":"info","ts":1787209706.1538699,"logger":"tls","msg":"storage cleaning happened too recently; skipping for now","storage":"FileStorage:C:\\Windows\\system32\\config\\systemprofile\\AppData\\Roaming\\Caddy","instance":"33804f79-2b80-489d-8b79-9eb10b4736cf","try_again":1787296106.1538699,"try_again_in":86400}
{"level":"info","ts":1787209706.1538699,"logger":"tls","msg":"finished cleaning storage units"}
{"level":"error","ts":1787209707.1484156,"logger":"http.log.error","msg":"dial tcp 127.0.0.1:8000: connectex: No connection could be made because the target machine actively refused it.","request":{"remote_ip":"127.0.0.1","remote_port":"54967","client_ip":"127.0.0.1","proto":"HTTP/1.1","method":"GET","host":"portal.ghis.sch","uri":"/notifications/bell/poll/?since=0","headers":{"Accept-Language":["en-US,en;q=0.9"],"Accept-Encoding":["gzip, deflate"],"Referer":["http://portal.ghis.sch/school-admin/"],"X-Requested-With":["XMLHttpRequest"],"Connection":["keep-alive"],"Cookie":["REDACTED"],"Priority":["u=4"],"User-Agent":["Mozilla/5.0 (Windows NT 10.0; Win64; x64; rv:153.0) Gecko/20100101 Firefox/153.0"],"Accept":["*/*"]}},"duration":0.0065685,"status":502,"err_id":"558zh3es0","err_trace":"reverseproxy.statusError (reverseproxy.go:1626)"}
{"level":"info","ts":1787210649.5058799,"msg":"shutting down","signal":"SIGINT"}
{"level":"warn","ts":1787210649.5058799,"msg":"exiting; byeee!! 👋","signal":"SIGINT"}
{"level":"info","ts":1787210649.5058799,"logger":"http","msg":"servers shutting down with eternal grace period"}
{"level":"info","ts":1787210649.5063918,"logger":"admin","msg":"stopped previous server","address":"localhost:2019"}
{"level":"info","ts":1787210649.5063918,"msg":"shutdown complete","signal":"SIGINT","exit_code":0}
{"level":"info","ts":1787210670.0834606,"msg":"maxprocs: Leaving GOMAXPROCS=12: CPU quota undefined"}
{"level":"info","ts":1787210670.0834606,"msg":"GOMEMLIMIT is updated","GOMEMLIMIT":15164363980,"previous":9223372036854775807}
{"level":"info","ts":1787210670.0834606,"msg":"using config from file","file":"C:\\Users\\pasto\\bust-base\\Caddyfile"}
{"level":"info","ts":1787210670.0834606,"msg":"adapted config to JSON","adapter":"caddyfile"}
{"level":"warn","ts":1787210670.0834606,"msg":"Caddyfile input is not formatted; run 'caddy fmt --overwrite' to fix inconsistencies","adapter":"caddyfile","file":"C:\\Users\\pasto\\bust-base\\Caddyfile","line":20}
{"level":"info","ts":1787210670.089713,"logger":"admin","msg":"admin endpoint started","address":"localhost:2019","enforce_origin":false,"origins":["//127.0.0.1:2019","//localhost:2019","//[::1]:2019"]}
{"level":"info","ts":1787210670.0902243,"logger":"tls.cache.maintenance","msg":"started background certificate maintenance","cache":"0x353212ce9d00"}
{"level":"warn","ts":1787210670.0902243,"logger":"http.auto_https","msg":"server is listening only on the HTTP port, so no automatic HTTPS will be applied to this server","server_name":"srv0","http_port":80}
{"level":"warn","ts":1787210670.0907433,"logger":"http","msg":"HTTP/2 skipped because it requires TLS","network":"tcp","addr":":80"}
{"level":"warn","ts":1787210670.0907433,"logger":"http","msg":"HTTP/3 skipped because it requires TLS","network":"tcp","addr":":80"}
{"level":"info","ts":1787210670.0907433,"logger":"http.log","msg":"server running","name":"srv0","protocols":["h1","h2","h3"]}
{"level":"info","ts":1787210670.0913625,"msg":"autosaved config (load with --resume flag)","file":"C:\\Windows\\system32\\config\\systemprofile\\AppData\\Roaming\\Caddy\\autosave.json"}
{"level":"info","ts":1787210670.0913625,"msg":"serving initial configuration"}
{"level":"info","ts":1787210670.095354,"logger":"tls","msg":"storage cleaning happened too recently; skipping for now","storage":"FileStorage:C:\\Windows\\system32\\config\\systemprofile\\AppData\\Roaming\\Caddy","instance":"33804f79-2b80-489d-8b79-9eb10b4736cf","try_again":1787297070.095354,"try_again_in":86400}
{"level":"info","ts":1787210670.095354,"logger":"tls","msg":"finished cleaning storage units"}
{"level":"info","ts":1787232356.5821404,"msg":"shutting down","signal":"SIGINT"}
{"level":"warn","ts":1787232356.5832717,"msg":"exiting; byeee!! 👋","signal":"SIGINT"}
{"level":"info","ts":1787232356.5880225,"logger":"http","msg":"servers shutting down with eternal grace period"}
{"level":"info","ts":1787232356.5961356,"logger":"admin","msg":"stopped previous server","address":"localhost:2019"}
{"level":"info","ts":1787232356.5961356,"msg":"shutdown complete","signal":"SIGINT","exit_code":0}
{"level":"info","ts":1787499370.599574,"msg":"maxprocs: Leaving GOMAXPROCS=12: CPU quota undefined"}
{"level":"info","ts":1787499370.599574,"msg":"GOMEMLIMIT is updated","GOMEMLIMIT":15164363980,"previous":9223372036854775807}
{"level":"info","ts":1787499370.599574,"msg":"using config from file","file":"C:\\Users\\pasto\\bust-base\\Caddyfile"}
{"level":"info","ts":1787499370.599574,"msg":"adapted config to JSON","adapter":"caddyfile"}
{"level":"warn","ts":1787499370.599574,"msg":"Caddyfile input is not formatted; run 'caddy fmt --overwrite' to fix inconsistencies","adapter":"caddyfile","file":"C:\\Users\\pasto\\bust-base\\Caddyfile","line":20}
{"level":"info","ts":1787499370.6093247,"logger":"admin","msg":"admin endpoint started","address":"localhost:2019","enforce_origin":false,"origins":["//localhost:2019","//[::1]:2019","//127.0.0.1:2019"]}
{"level":"info","ts":1787499370.6093247,"logger":"tls.cache.maintenance","msg":"started background certificate maintenance","cache":"0x173d31b76d00"}
{"level":"warn","ts":1787499370.6093247,"logger":"http.auto_https","msg":"server is listening only on the HTTP port, so no automatic HTTPS will be applied to this server","server_name":"srv0","http_port":80}
{"level":"warn","ts":1787499370.6118972,"logger":"http","msg":"HTTP/2 skipped because it requires TLS","network":"tcp","addr":":80"}
{"level":"warn","ts":1787499370.6118972,"logger":"http","msg":"HTTP/3 skipped because it requires TLS","network":"tcp","addr":":80"}
{"level":"info","ts":1787499370.6118972,"logger":"http.log","msg":"server running","name":"srv0","protocols":["h1","h2","h3"]}
{"level":"info","ts":1787499370.6118972,"msg":"autosaved config (load with --resume flag)","file":"C:\\Windows\\system32\\config\\systemprofile\\AppData\\Roaming\\Caddy\\autosave.json"}
{"level":"info","ts":1787499370.6118972,"msg":"serving initial configuration"}
{"level":"info","ts":1787499370.6534398,"logger":"tls","msg":"cleaning storage unit","storage":"FileStorage:C:\\Windows\\system32\\config\\systemprofile\\AppData\\Roaming\\Caddy"}
{"level":"info","ts":1787499370.65724,"logger":"tls","msg":"finished cleaning storage units"}
{"level":"info","ts":1787499406.8649967,"msg":"shutting down","signal":"SIGINT"}
{"level":"warn","ts":1787499406.8654137,"msg":"exiting; byeee!! 👋","signal":"SIGINT"}
{"level":"info","ts":1787499406.8728878,"logger":"http","msg":"servers shutting down with eternal grace period"}
{"level":"info","ts":1787499406.8785987,"logger":"admin","msg":"stopped previous server","address":"localhost:2019"}
{"level":"info","ts":1787499406.8785987,"msg":"shutdown complete","signal":"SIGINT","exit_code":0}
{"level":"info","ts":1787499549.1257162,"msg":"maxprocs: Leaving GOMAXPROCS=12: CPU quota undefined"}
{"level":"info","ts":1787499549.1257162,"msg":"GOMEMLIMIT is updated","GOMEMLIMIT":15164363980,"previous":9223372036854775807}
{"level":"info","ts":1787499549.1257162,"msg":"using config from file","file":"C:\\Users\\pasto\\bust-base\\Caddyfile"}
{"level":"info","ts":1787499549.1257162,"msg":"adapted config to JSON","adapter":"caddyfile"}
{"level":"warn","ts":1787499549.1257162,"msg":"Caddyfile input is not formatted; run 'caddy fmt --overwrite' to fix inconsistencies","adapter":"caddyfile","file":"C:\\Users\\pasto\\bust-base\\Caddyfile","line":20}
{"level":"info","ts":1787499549.1369014,"logger":"admin","msg":"admin endpoint started","address":"localhost:2019","enforce_origin":false,"origins":["//localhost:2019","//[::1]:2019","//127.0.0.1:2019"]}
{"level":"info","ts":1787499549.1369014,"logger":"tls.cache.maintenance","msg":"started background certificate maintenance","cache":"0x1036d8697300"}
{"level":"warn","ts":1787499549.1369014,"logger":"http.auto_https","msg":"server is listening only on the HTTP port, so no automatic HTTPS will be applied to this server","server_name":"srv0","http_port":80}
{"level":"warn","ts":1787499549.137582,"logger":"http","msg":"HTTP/2 skipped because it requires TLS","network":"tcp","addr":":80"}
{"level":"warn","ts":1787499549.137582,"logger":"http","msg":"HTTP/3 skipped because it requires TLS","network":"tcp","addr":":80"}
{"level":"info","ts":1787499549.137582,"logger":"http.log","msg":"server running","name":"srv0","protocols":["h1","h2","h3"]}
{"level":"info","ts":1787499549.1381462,"msg":"autosaved config (load with --resume flag)","file":"C:\\Windows\\system32\\config\\systemprofile\\AppData\\Roaming\\Caddy\\autosave.json"}
{"level":"info","ts":1787499549.1381462,"msg":"serving initial configuration"}
{"level":"info","ts":1787499549.1418052,"logger":"tls","msg":"storage cleaning happened too recently; skipping for now","storage":"FileStorage:C:\\Windows\\system32\\config\\systemprofile\\AppData\\Roaming\\Caddy","instance":"33804f79-2b80-489d-8b79-9eb10b4736cf","try_again":1787585949.1418052,"try_again_in":86400}
{"level":"info","ts":1787499549.1418052,"logger":"tls","msg":"finished cleaning storage units"}
{"level":"info","ts":1787502108.6459198,"msg":"shutting down","signal":"SIGINT"}
{"level":"warn","ts":1787502108.6465242,"msg":"exiting; byeee!! 👋","signal":"SIGINT"}
{"level":"info","ts":1787502108.6491847,"logger":"http","msg":"servers shutting down with eternal grace period"}
{"level":"info","ts":1787502108.6525834,"logger":"admin","msg":"stopped previous server","address":"localhost:2019"}
{"level":"info","ts":1787502108.6525834,"msg":"shutdown complete","signal":"SIGINT","exit_code":0}
{"level":"info","ts":1787556025.06247,"msg":"maxprocs: Leaving GOMAXPROCS=12: CPU quota undefined"}
{"level":"info","ts":1787556025.06247,"msg":"GOMEMLIMIT is updated","GOMEMLIMIT":15164363980,"previous":9223372036854775807}
{"level":"info","ts":1787556025.06247,"msg":"using config from file","file":"C:\\Users\\pasto\\bust-base\\Caddyfile"}
{"level":"info","ts":1787556025.06247,"msg":"adapted config to JSON","adapter":"caddyfile"}
{"level":"warn","ts":1787556025.06247,"msg":"Caddyfile input is not formatted; run 'caddy fmt --overwrite' to fix inconsistencies","adapter":"caddyfile","file":"C:\\Users\\pasto\\bust-base\\Caddyfile","line":20}
{"level":"info","ts":1787556025.073177,"logger":"admin","msg":"admin endpoint started","address":"localhost:2019","enforce_origin":false,"origins":["//localhost:2019","//[::1]:2019","//127.0.0.1:2019"]}
{"level":"info","ts":1787556025.073177,"logger":"tls.cache.maintenance","msg":"started background certificate maintenance","cache":"0x3b0fbcff5080"}
{"level":"warn","ts":1787556025.073177,"logger":"http.auto_https","msg":"server is listening only on the HTTP port, so no automatic HTTPS will be applied to this server","server_name":"srv0","http_port":80}
{"level":"warn","ts":1787556025.0737538,"logger":"http","msg":"HTTP/2 skipped because it requires TLS","network":"tcp","addr":":80"}
{"level":"warn","ts":1787556025.0737538,"logger":"http","msg":"HTTP/3 skipped because it requires TLS","network":"tcp","addr":":80"}
{"level":"info","ts":1787556025.0737538,"logger":"http.log","msg":"server running","name":"srv0","protocols":["h1","h2","h3"]}
{"level":"info","ts":1787556025.0748544,"msg":"autosaved config (load with --resume flag)","file":"C:\\Windows\\system32\\config\\systemprofile\\AppData\\Roaming\\Caddy\\autosave.json"}
{"level":"info","ts":1787556025.0748544,"msg":"serving initial configuration"}
{"level":"info","ts":1787556025.1361976,"logger":"tls","msg":"storage cleaning happened too recently; skipping for now","storage":"FileStorage:C:\\Windows\\system32\\config\\systemprofile\\AppData\\Roaming\\Caddy","instance":"33804f79-2b80-489d-8b79-9eb10b4736cf","try_again":1787642425.1361976,"try_again_in":86400}
{"level":"info","ts":1787556025.13673,"logger":"tls","msg":"finished cleaning storage units"}
{"level":"info","ts":1787556079.7834003,"msg":"shutting down","signal":"SIGINT"}
{"level":"warn","ts":1787556079.784096,"msg":"exiting; byeee!! 👋","signal":"SIGINT"}
{"level":"info","ts":1787556079.7921336,"logger":"http","msg":"servers shutting down with eternal grace period"}
{"level":"info","ts":1787556079.798319,"logger":"admin","msg":"stopped previous server","address":"localhost:2019"}
{"level":"info","ts":1787556079.7988355,"msg":"shutdown complete","signal":"SIGINT","exit_code":0}
{"level":"info","ts":1787556091.9691312,"msg":"maxprocs: Leaving GOMAXPROCS=12: CPU quota undefined"}
{"level":"info","ts":1787556091.9691312,"msg":"GOMEMLIMIT is updated","GOMEMLIMIT":15164363980,"previous":9223372036854775807}
{"level":"info","ts":1787556091.9691312,"msg":"using config from file","file":"C:\\Users\\pasto\\bust-base\\Caddyfile"}
{"level":"info","ts":1787556091.9691312,"msg":"adapted config to JSON","adapter":"caddyfile"}
{"level":"warn","ts":1787556091.9691312,"msg":"Caddyfile input is not formatted; run 'caddy fmt --overwrite' to fix inconsistencies","adapter":"caddyfile","file":"C:\\Users\\pasto\\bust-base\\Caddyfile","line":20}
{"level":"info","ts":1787556091.977173,"logger":"admin","msg":"admin endpoint started","address":"localhost:2019","enforce_origin":false,"origins":["//localhost:2019","//[::1]:2019","//127.0.0.1:2019"]}
{"level":"warn","ts":1787556091.9777186,"logger":"http.auto_https","msg":"server is listening only on the HTTP port, so no automatic HTTPS will be applied to this server","server_name":"srv0","http_port":80}
{"level":"info","ts":1787556091.9777186,"logger":"tls.cache.maintenance","msg":"started background certificate maintenance","cache":"0x12d540166c80"}
{"level":"warn","ts":1787556091.9777186,"logger":"http","msg":"HTTP/2 skipped because it requires TLS","network":"tcp","addr":":80"}
{"level":"warn","ts":1787556091.9777186,"logger":"http","msg":"HTTP/3 skipped because it requires TLS","network":"tcp","addr":":80"}
{"level":"info","ts":1787556091.9777186,"logger":"http.log","msg":"server running","name":"srv0","protocols":["h1","h2","h3"]}
{"level":"info","ts":1787556091.978262,"msg":"autosaved config (load with --resume flag)","file":"C:\\Windows\\system32\\config\\systemprofile\\AppData\\Roaming\\Caddy\\autosave.json"}
{"level":"info","ts":1787556091.978262,"msg":"serving initial configuration"}
{"level":"info","ts":1787556091.9827826,"logger":"tls","msg":"storage cleaning happened too recently; skipping for now","storage":"FileStorage:C:\\Windows\\system32\\config\\systemprofile\\AppData\\Roaming\\Caddy","instance":"33804f79-2b80-489d-8b79-9eb10b4736cf","try_again":1787642491.9827826,"try_again_in":86400}
{"level":"info","ts":1787556091.983312,"logger":"tls","msg":"finished cleaning storage units"}
