**********************
Windows PowerShell transcript start
Start time: 20260819194020
Username: CHANGE_CONSULTS\pasto
RunAs User: CHANGE_CONSULTS\pasto
Configuration Name: 
Machine: CHANGE_CONSULTS (Microsoft Windows NT 10.0.22631.0)
Host Application: C:\Windows\System32\WindowsPowerShell\v1.0\powershell.exe -ExecutionPolicy Bypass -File C:\Users\pasto\bust-base\scripts\register_tasks.ps1
Process ID: 18164
PSVersion: 5.1.22621.4391
PSEdition: Desktop
PSCompatibleVersions: 1.0, 2.0, 3.0, 4.0, 5.0, 5.1.22621.4391
BuildVersion: 10.0.22621.4391
CLRVersion: 4.0.30319.42000
WSManStackVersion: 3.0
PSRemotingProtocolVersion: 2.3
SerializationVersion: 1.1.0.1
**********************
Transcript started, output file is C:\Users\pasto\bust-base\scripts\autostart_install.log
Creating task: GHSS-Technitium
  SUCCESS: The scheduled task "GHSS-Technitium" has successfully been created.
Creating task: GHSS-Caddy
  SUCCESS: The scheduled task "GHSS-Caddy" has successfully been created.
Creating task: GHSS-Portal
  SUCCESS: The scheduled task "GHSS-Portal" has successfully been created.
=== Verification ===
"TaskName","Next Run Time","Status"
"\Dell SupportAssistAgent AutoUpdate","20/08/2026 12:03:24","Ready"
"\GHSS-Caddy","N/A","Ready"
"\GHSS-Portal","N/A","Ready"
"\GHSS-Technitium","N/A","Ready"
"\MicrosoftEdgeUpdateTaskMachineCore","20/08/2026 19:10:27","Ready"
"\MicrosoftEdgeUpdateTaskMachineCore","20/08/2026 19:10:27","Ready"
"\MicrosoftEdgeUpdateTaskMachineUA","19/08/2026 19:40:27","Ready"
"\MyDell.Updater","24/08/2026 04:35:56","Ready"
"\OneDrive Reporting Task-S-1-5-21-4092161071-254980728-3809120304-1001","20/08/2026 08:22:48","Ready"
"\OneDrive Standalone Update Task-S-1-5-21-4092161071-254980728-3809120304-1001","20/08/2026 08:50:21","Ready"
"\OneDrive Startup Task-S-1-5-21-4092161071-254980728-3809120304-1001","N/A","Ready"
"\SmartByte Telemetry","N/A","Ready"
"\WpsExternal_pasto_interval","19/08/2026 19:54:44","Ready"
"\WpsExternal_pasto_startup","N/A","Running"
"\WpsUpdateTask_pasto","19/08/2026 19:54:02","Ready"
"\ZoomUpdateTaskUser-S-1-5-21-4092161071-254980728-3809120304-1001","19/08/2026 20:01:19","Ready"
"TaskName","Next Run Time","Status"
"TaskName","Next Run Time","Status"
"\Microsoft\Office\Office Actions Server","19/08/2026 20:00:00","Ready"
"\Microsoft\Office\Office Actions Server","19/08/2026 20:00:00","Ready"
"\Microsoft\Office\Office Automatic Updates 2.0","20/08/2026 13:29:03","Ready"
"\Microsoft\Office\Office Automatic Updates 2.0","20/08/2026 10:31:08","Ready"
"\Microsoft\Office\Office Automatic Updates 2.0","20/08/2026 06:58:59","Ready"
"\Microsoft\Office\Office Background Push Maintenance","20/08/2026 13:23:22","Ready"
"\Microsoft\Office\Office Background Push Maintenance","20/08/2026 13:23:22","Ready"
"\Microsoft\Office\Office ClickToRun Service Monitor","20/08/2026 07:26:30","Ready"
"\Microsoft\Office\Office Feature Updates","19/08/2026 23:01:53","Ready"
"\Microsoft\Office\Office Feature Updates","20/08/2026 00:25:11","Ready"
"\Microsoft\Office\Office Feature Updates","20/08/2026 01:46:15","Ready"
"\Microsoft\Office\Office Feature Updates","20/08/2026 00:38:44","Ready"
"\Microsoft\Office\Office Feature Updates","19/08/2026 22:50:49","Ready"
"\Microsoft\Office\Office Feature Updates","20/08/2026 01:15:29","Ready"
"\Microsoft\Office\Office Feature Updates Logon","N/A","Ready"
"\Microsoft\Office\Office Feature Updates Logon","N/A","Ready"
"\Microsoft\Office\Office Performance Monitor","N/A","Ready"
"\Microsoft\Office\Office Startup Maintenance","20/08/2026 08:57:17","Ready"
"\Microsoft\Office\Office Startup Maintenance","20/08/2026 08:48:37","Ready"
"TaskName","Next Run Time","Status"
"TaskName","Next Run Time","Status"
"TaskName","Next Run Time","Status"
"\Microsoft\Windows\.NET Framework\.NET Framework NGEN v4.0.30319","N/A","Ready"
"\Microsoft\Windows\.NET Framework\.NET Framework NGEN v4.0.30319 64","N/A","Ready"
"\Microsoft\Windows\.NET Framework\.NET Framework NGEN v4.0.30319 64 Critical","N/A","Disabled"
"\Microsoft\Windows\.NET Framework\.NET Framework NGEN v4.0.30319 Critical","N/A","Disabled"
"TaskName","Next Run Time","Status"
"\Microsoft\Windows\Active Directory Rights Management Services Client\AD RMS Rights Policy Template Management (Automated)","N/A","Disabled"
"\Microsoft\Windows\Active Directory Rights Management Services Client\AD RMS Rights Policy Template Management (Automated)","N/A","Disabled"
"\Microsoft\Windows\Active Directory Rights Management Services Client\AD RMS Rights Policy Template Management (Manual)","N/A","Ready"
"TaskName","Next Run Time","Status"
"\Microsoft\Windows\AppID\EDP Policy Manager","N/A","Ready"
"\Microsoft\Windows\AppID\EDP Policy Manager","N/A","Ready"
"\Microsoft\Windows\AppID\PolicyConverter","N/A","Disabled"
"\Microsoft\Windows\AppID\VerifiedPublisherCertStoreCheck","N/A","Disabled"
"TaskName","Next Run Time","Status"
"\Microsoft\Windows\Application Experience\MareBackup","N/A","Ready"
"\Microsoft\Windows\Application Experience\Microsoft Compatibility Appraiser","19/08/2026 22:26:50","Ready"
"\Microsoft\Windows\Application Experience\PcaPatchDbTask","20/08/2026 04:11:06","Ready"
"\Microsoft\Windows\Application Experience\PcaWallpaperAppDetect","21/08/2026 12:00:24","Ready"
"\Microsoft\Windows\Application Experience\SdbinstMergeDbTask","N/A","Ready"
"\Microsoft\Windows\Application Experience\SdbinstMergeDbTask","N/A","Ready"
"\Microsoft\Windows\Application Experience\StartupAppTask","N/A","Ready"
"TaskName","Next Run Time","Status"
"\Microsoft\Windows\ApplicationData\appuriverifierdaily","N/A","Ready"
"\Microsoft\Windows\ApplicationData\appuriverifierinstall","N/A","Ready"
"\Microsoft\Windows\ApplicationData\CleanupTemporaryState","N/A","Ready"
"\Microsoft\Windows\ApplicationData\DsSvcCleanup","N/A","Ready"
"TaskName","Next Run Time","Status"
"\Microsoft\Windows\AppListBackup\Backup","N/A","Ready"
"\Microsoft\Windows\AppListBackup\BackupNonMaintenance","22/08/2026 03:09:44","Ready"
"TaskName","Next Run Time","Status"
"\Microsoft\Windows\AppxDeploymentClient\Pre-staged app cleanup","N/A","Disabled"
"\Microsoft\Windows\AppxDeploymentClient\UCPD velocity","N/A","Ready"
"TaskName","Next Run Time","Status"
"\Microsoft\Windows\Autochk\Proxy","N/A","Ready"
"TaskName","Next Run Time","Status"
"\Microsoft\Windows\BitLocker\BitLocker Encrypt All Drives","N/A","Ready"
"\Microsoft\Windows\BitLocker\BitLocker MDM policy Refresh","N/A","Ready"
"TaskName","Next Run Time","Status"
"\Microsoft\Windows\Bluetooth\UninstallDeviceTask","N/A","Ready"
"TaskName","Next Run Time","Status"
"\Microsoft\Windows\BrokerInfrastructure\BgTaskRegistrationMaintenanceTask","N/A","Ready"
"TaskName","Next Run Time","Status"
"\Microsoft\Windows\capabilityaccessmanager\maintenancetasks","N/A","Ready"
"TaskName","Next Run Time","Status"
"\Microsoft\Windows\CertificateServicesClient\AikCertEnrollTask","N/A","Ready"
"\Microsoft\Windows\CertificateServicesClient\CryptoPolicyTask","N/A","Ready"
"\Microsoft\Windows\CertificateServicesClient\KeyPreGenTask","N/A","Ready"
"\Microsoft\Windows\CertificateServicesClient\KeyPreGenTask","N/A","Ready"
"\Microsoft\Windows\CertificateServicesClient\KeyPreGenTask","N/A","Ready"
"\Microsoft\Windows\CertificateServicesClient\KeyPreGenTask","N/A","Ready"
"\Microsoft\Windows\CertificateServicesClient\KeyPreGenTask","N/A","Ready"
"\Microsoft\Windows\CertificateServicesClient\SystemTask","N/A","Ready"
"\Microsoft\Windows\CertificateServicesClient\SystemTask","N/A","Ready"
"\Microsoft\Windows\CertificateServicesClient\SystemTask","N/A","Ready"
"\Microsoft\Windows\CertificateServicesClient\UserTask","N/A","Ready"
"\Microsoft\Windows\CertificateServicesClient\UserTask","N/A","Ready"
"\Microsoft\Windows\CertificateServicesClient\UserTask","N/A","Ready"
"\Microsoft\Windows\CertificateServicesClient\UserTask","N/A","Ready"
"\Microsoft\Windows\CertificateServicesClient\UserTask-Roam","N/A","Ready"
"\Microsoft\Windows\CertificateServicesClient\UserTask-Roam","N/A","Ready"
"TaskName","Next Run Time","Status"
"\Microsoft\Windows\Chkdsk\ProactiveScan","N/A","Ready"
"\Microsoft\Windows\Chkdsk\SyspartRepair","N/A","Ready"
"TaskName","Next Run Time","Status"
"\Microsoft\Windows\Clip\License Validation","N/A","Disabled"
"TaskName","Next Run Time","Status"
"\Microsoft\Windows\CloudExperienceHost\CreateObjectTask","N/A","Ready"
"TaskName","Next Run Time","Status"
"\Microsoft\Windows\CloudRestore\Backup","23/08/2026 07:25:34","Ready"
"\Microsoft\Windows\CloudRestore\Backup","22/08/2026 15:49:01","Ready"
"\Microsoft\Windows\CloudRestore\Restore","N/A","Ready"
"TaskName","Next Run Time","Status"
"TaskName","Next Run Time","Status"
"\Microsoft\Windows\ConsentUX\UnifiedConsent\UnifiedConsentSyncTask","20/08/2026 12:00:00","Ready"
"\Microsoft\Windows\ConsentUX\UnifiedConsent\UnifiedConsentSyncTask","20/08/2026 12:00:00","Ready"
"TaskName","Next Run Time","Status"
"\Microsoft\Windows\Customer Experience Improvement Program\Consolidator","20/08/2026 00:00:00","Ready"
"\Microsoft\Windows\Customer Experience Improvement Program\UsbCeip","N/A","Ready"
"TaskName","Next Run Time","Status"
"\Microsoft\Windows\Data Integrity Scan\Data Integrity Check And Scan","19/08/2026 23:31:40","Ready"
"\Microsoft\Windows\Data Integrity Scan\Data Integrity Check And Scan","19/08/2026 23:23:44","Ready"
"\Microsoft\Windows\Data Integrity Scan\Data Integrity Scan","N/A","Ready"
"\Microsoft\Windows\Data Integrity Scan\Data Integrity Scan for Crash Recovery","N/A","Ready"
"TaskName","Next Run Time","Status"
"\Microsoft\Windows\Defrag\ScheduledDefrag","N/A","Ready"
"TaskName","Next Run Time","Status"
"\Microsoft\Windows\Device Information\Device","20/08/2026 03:00:27","Ready"
"\Microsoft\Windows\Device Information\Device","20/08/2026 03:43:09","Ready"
"\Microsoft\Windows\Device Information\Device User","N/A","Ready"
"TaskName","Next Run Time","Status"
"\Microsoft\Windows\Device Setup\Metadata Refresh","N/A","Ready"
"TaskName","Next Run Time","Status"
"\Microsoft\Windows\DeviceDirectoryClient\HandleCommand","N/A","Ready"
"\Microsoft\Windows\DeviceDirectoryClient\HandleWnsCommand","N/A","Ready"
"\Microsoft\Windows\DeviceDirectoryClient\IntegrityCheck","N/A","Disabled"
"\Microsoft\Windows\DeviceDirectoryClient\LocateCommandUserSession","N/A","Ready"
"\Microsoft\Windows\DeviceDirectoryClient\RegisterDeviceAccountChange","N/A","Ready"
"\Microsoft\Windows\DeviceDirectoryClient\RegisterDeviceAccountChange","N/A","Ready"
"\Microsoft\Windows\DeviceDirectoryClient\RegisterDeviceLocationRightsChange","N/A","Ready"
"\Microsoft\Windows\DeviceDirectoryClient\RegisterDevicePeriodic24","20/08/2026 01:23:09","Ready"
"\Microsoft\Windows\DeviceDirectoryClient\RegisterDevicePolicyChange","N/A","Ready"
"\Microsoft\Windows\DeviceDirectoryClient\RegisterDevicePolicyChange","N/A","Ready"
"\Microsoft\Windows\DeviceDirectoryClient\RegisterDeviceProtectionStateChanged","N/A","Ready"
"\Microsoft\Windows\DeviceDirectoryClient\RegisterDeviceSettingChange","N/A","Ready"
"\Microsoft\Windows\DeviceDirectoryClient\RegisterDeviceSettingChange","N/A","Ready"
"\Microsoft\Windows\DeviceDirectoryClient\RegisterDeviceWnsFallback","02/09/2026 07:34:48","Ready"
"\Microsoft\Windows\DeviceDirectoryClient\RegisterUserDevice","N/A","Ready"
"\Microsoft\Windows\DeviceDirectoryClient\RegisterUserDevice","N/A","Ready"
"\Microsoft\Windows\DeviceDirectoryClient\RegisterUserDevice","N/A","Ready"
"TaskName","Next Run Time","Status"
"\Microsoft\Windows\Diagnosis\RecommendedTroubleshootingScanner","N/A","Ready"
"\Microsoft\Windows\Diagnosis\RecommendedTroubleshootingScanner","N/A","Ready"
"\Microsoft\Windows\Diagnosis\RecommendedTroubleshootingScanner","N/A","Ready"
"\Microsoft\Windows\Diagnosis\RecommendedTroubleshootingScanner","N/A","Ready"
"\Microsoft\Windows\Diagnosis\Scheduled","N/A","Ready"
"TaskName","Next Run Time","Status"
"\Microsoft\Windows\DirectX\DirectXDatabaseUpdater","N/A","Ready"
"\Microsoft\Windows\DirectX\DirectXDatabaseUpdater","N/A","Ready"
"\Microsoft\Windows\DirectX\DXGIAdapterCache","N/A","Ready"
"\Microsoft\Windows\DirectX\DXGIAdapterCache","N/A","Ready"
"\Microsoft\Windows\DirectX\DXGIAdapterCache","N/A","Ready"
"TaskName","Next Run Time","Status"
"\Microsoft\Windows\DiskCleanup\SilentCleanup","N/A","Ready"
"TaskName","Next Run Time","Status"
"\Microsoft\Windows\DiskDiagnostic\Microsoft-Windows-DiskDiagnosticDataCollector","N/A","Disabled"
"\Microsoft\Windows\DiskDiagnostic\Microsoft-Windows-DiskDiagnosticResolver","N/A","Disabled"
"TaskName","Next Run Time","Status"
"\Microsoft\Windows\DiskFootprint\Diagnostics","N/A","Ready"
"\Microsoft\Windows\DiskFootprint\StorageSense","N/A","Ready"
"TaskName","Next Run Time","Status"
"\Microsoft\Windows\DUSM\dusmtask","N/A","Ready"
"TaskName","Next Run Time","Status"
"\Microsoft\Windows\EDP\EDP App Launch Task","N/A","Ready"
"\Microsoft\Windows\EDP\EDP Auth Task","N/A","Ready"
"\Microsoft\Windows\EDP\EDP Inaccessible Credentials Task","N/A","Ready"
"\Microsoft\Windows\EDP\StorageCardEncryption Task","N/A","Ready"
"TaskName","Next Run Time","Status"
"\Microsoft\Windows\ExploitGuard\ExploitGuard MDM policy Refresh","N/A","Ready"
"\Microsoft\Windows\ExploitGuard\ExploitGuard MDM policy Refresh","N/A","Ready"
"\Microsoft\Windows\ExploitGuard\ExploitGuard MDM policy Refresh","N/A","Ready"
"TaskName","Next Run Time","Status"
"TaskName","Next Run Time","Status"
"\Microsoft\Windows\Feedback\Siuf\DmClient","N/A","Ready"
"\Microsoft\Windows\Feedback\Siuf\DmClientOnScenarioDownload","N/A","Ready"
"TaskName","Next Run Time","Status"
"\Microsoft\Windows\FileHistory\File History (maintenance mode)","N/A","Ready"
"TaskName","Next Run Time","Status"
"TaskName","Next Run Time","Status"
"\Microsoft\Windows\Flighting\FeatureConfig\BootstrapUsageDataReporting","N/A","Disabled"
"\Microsoft\Windows\Flighting\FeatureConfig\ReconcileFeatures","N/A","Ready"
"\Microsoft\Windows\Flighting\FeatureConfig\ReconcileFeatures","N/A","Ready"
"\Microsoft\Windows\Flighting\FeatureConfig\ReconcileFeatures","N/A","Ready"
"\Microsoft\Windows\Flighting\FeatureConfig\ReconcileFeatures","N/A","Ready"
"\Microsoft\Windows\Flighting\FeatureConfig\ReconcileFeatures","N/A","Ready"
"\Microsoft\Windows\Flighting\FeatureConfig\ReconcileFeatures","N/A","Ready"
"\Microsoft\Windows\Flighting\FeatureConfig\ReconcileFeatures","N/A","Ready"
"\Microsoft\Windows\Flighting\FeatureConfig\UsageDataFlushing","N/A","Ready"
"\Microsoft\Windows\Flighting\FeatureConfig\UsageDataFlushing","N/A","Ready"
"\Microsoft\Windows\Flighting\FeatureConfig\UsageDataFlushing","N/A","Ready"
"\Microsoft\Windows\Flighting\FeatureConfig\UsageDataReporting","N/A","Ready"
"TaskName","Next Run Time","Status"
"\Microsoft\Windows\Flighting\OneSettings\RefreshCache","19/08/2026 22:15:32","Ready"
"\Microsoft\Windows\Flighting\OneSettings\RefreshCache","19/08/2026 22:08:16","Ready"
"\Microsoft\Windows\Flighting\OneSettings\RefreshCache","19/08/2026 22:08:01","Ready"
"TaskName","Next Run Time","Status"
"\Microsoft\Windows\Input\InputSettingsRestoreDataAvailable","N/A","Ready"
"\Microsoft\Windows\Input\LocalUserSyncDataAvailable","N/A","Ready"
"\Microsoft\Windows\Input\MouseSyncDataAvailable","N/A","Ready"
"\Microsoft\Windows\Input\PenSyncDataAvailable","N/A","Ready"
"\Microsoft\Windows\Input\syncpensettings","N/A","Ready"
"\Microsoft\Windows\Input\TouchpadSyncDataAvailable","N/A","Ready"
"TaskName","Next Run Time","Status"
"\Microsoft\Windows\InstallService\RestoreDevice","N/A","Ready"
"\Microsoft\Windows\InstallService\ScanForUpdates","20/08/2026 12:29:25","Ready"
"\Microsoft\Windows\InstallService\ScanForUpdates","20/08/2026 02:12:20","Ready"
"\Microsoft\Windows\InstallService\ScanForUpdates","20/08/2026 10:01:00","Ready"
"\Microsoft\Windows\InstallService\ScanForUpdatesAsUser","N/A","Ready"
"\Microsoft\Windows\InstallService\SmartRetry","N/A","Ready"
"\Microsoft\Windows\InstallService\SmartRetry","N/A","Ready"
"\Microsoft\Windows\InstallService\SmartRetry","N/A","Ready"
"\Microsoft\Windows\InstallService\SmartRetry","N/A","Ready"
"\Microsoft\Windows\InstallService\SmartRetry","N/A","Ready"
"\Microsoft\Windows\InstallService\SmartRetry","N/A","Ready"
"\Microsoft\Windows\InstallService\WakeUpAndContinueUpdates","N/A","Disabled"
"\Microsoft\Windows\InstallService\WakeUpAndScanForUpdates","N/A","Disabled"
"TaskName","Next Run Time","Status"
"\Microsoft\Windows\International\Synchronize Language Settings","N/A","Ready"
"\Microsoft\Windows\International\Synchronize Language Settings","N/A","Ready"
"TaskName","Next Run Time","Status"
"\Microsoft\Windows\Kernel\La57Cleanup","N/A","Ready"
"TaskName","Next Run Time","Status"
"\Microsoft\Windows\LanguageComponentsInstaller\Installation","N/A","Ready"
"\Microsoft\Windows\LanguageComponentsInstaller\ReconcileLanguageResources","N/A","Ready"
"\Microsoft\Windows\LanguageComponentsInstaller\Uninstallation","N/A","Disabled"
"TaskName","Next Run Time","Status"
"\Microsoft\Windows\License Manager\TempSignedLicenseExchange","N/A","Ready"
"TaskName","Next Run Time","Status"
"TaskName","Next Run Time","Status"
"\Microsoft\Windows\Location\Notifications","N/A","Running"
"\Microsoft\Windows\Location\WindowsActionDialog","N/A","Ready"
"TaskName","Next Run Time","Status"
"\Microsoft\Windows\Maintenance\WinSAT","N/A","Ready"
"TaskName","Next Run Time","Status"
"TaskName","Next Run Time","Status"
"\Microsoft\Windows\Management\Autopilot\DetectHardwareChange","N/A","Disabled"
"\Microsoft\Windows\Management\Autopilot\DetectHardwareChange","N/A","Disabled"
"\Microsoft\Windows\Management\Autopilot\RemediateHardwareChange","N/A","Disabled"
"TaskName","Next Run Time","Status"
"\Microsoft\Windows\Management\Provisioning\Cellular","N/A","Ready"
"\Microsoft\Windows\Management\Provisioning\Logon","N/A","Ready"
"\Microsoft\Windows\Management\Provisioning\MdmDiagnosticsCleanup","N/A","Disabled"
"\Microsoft\Windows\Management\Provisioning\Retry","N/A","Disabled"
"\Microsoft\Windows\Management\Provisioning\RunOnReboot","N/A","Disabled"
"TaskName","Next Run Time","Status"
"\Microsoft\Windows\Maps\MapsToastTask","N/A","Ready"
"\Microsoft\Windows\Maps\MapsUpdateTask","20/08/2026 00:54:27","Ready"
"TaskName","Next Run Time","Status"
"\Microsoft\Windows\MemoryDiagnostic\ProcessMemoryDiagnosticEvents","N/A","Ready"
"\Microsoft\Windows\MemoryDiagnostic\ProcessMemoryDiagnosticEvents","N/A","Ready"
"\Microsoft\Windows\MemoryDiagnostic\ProcessMemoryDiagnosticEvents","N/A","Ready"
"\Microsoft\Windows\MemoryDiagnostic\ProcessMemoryDiagnosticEvents","N/A","Ready"
"\Microsoft\Windows\MemoryDiagnostic\RunFullMemoryDiagnostic","N/A","Disabled"
"TaskName","Next Run Time","Status"
"\Microsoft\Windows\MUI\LPRemove","N/A","Ready"
"TaskName","Next Run Time","Status"
"\Microsoft\Windows\Multimedia\SystemSoundsService","N/A","Running"
"TaskName","Next Run Time","Status"
"\Microsoft\Windows\NetTrace\GatherNetworkInfo","N/A","Ready"
"TaskName","Next Run Time","Status"
"\Microsoft\Windows\NlaSvc\WiFiTask","N/A","Ready"
"TaskName","Next Run Time","Status"
"\Microsoft\Windows\PI\Secure-Boot-Update","20/08/2026 06:00:00","Ready"
"\Microsoft\Windows\PI\Secure-Boot-Update","20/08/2026 06:00:00","Ready"
"\Microsoft\Windows\PI\SecureBootEncodeUEFI","01/09/2026 12:00:00","Ready"
"\Microsoft\Windows\PI\SecureBootEncodeUEFI","01/09/2026 12:00:00","Ready"
"\Microsoft\Windows\PI\SecureBootEncodeUEFI","01/09/2026 12:00:00","Ready"
"\Microsoft\Windows\PI\Sqm-Tasks","N/A","Ready"
"TaskName","Next Run Time","Status"
"TaskName","Next Run Time","Status"
"\Microsoft\Windows\Plug and Play\Device Install Group Policy","N/A","Ready"
"\Microsoft\Windows\Plug and Play\Device Install Reboot Required","N/A","Ready"
"\Microsoft\Windows\Plug and Play\Device Install Reboot Required","N/A","Ready"
"\Microsoft\Windows\Plug and Play\Sysprep Generalize Drivers","N/A","Ready"
"TaskName","Next Run Time","Status"
"\Microsoft\Windows\Power Efficiency Diagnostics\AnalyzeSystem","N/A","Ready"
"TaskName","Next Run Time","Status"
"\Microsoft\Windows\Printing\EduPrintProv","N/A","Ready"
"\Microsoft\Windows\Printing\PrinterCleanupTask","27/08/2026 12:00:00","Ready"
"\Microsoft\Windows\Printing\PrintJobCleanupTask","21/08/2026 12:00:00","Ready"
"TaskName","Next Run Time","Status"
"\Microsoft\Windows\PushToInstall\LoginCheck","N/A","Ready"
"\Microsoft\Windows\PushToInstall\Registration","20/08/2026 18:01:29","Ready"
"\Microsoft\Windows\PushToInstall\Registration","20/08/2026 18:01:29","Ready"
"TaskName","Next Run Time","Status"
"\Microsoft\Windows\Ras\MobilityManager","N/A","Ready"
"TaskName","Next Run Time","Status"
"\Microsoft\Windows\RecoveryEnvironment\VerifyWinRE","N/A","Disabled"
"TaskName","Next Run Time","Status"
"\Microsoft\Windows\Registry\RegIdleBackup","N/A","Ready"
"TaskName","Next Run Time","Status"
"\Microsoft\Windows\RemoteAssistance\RemoteAssistanceTask","N/A","Ready"
"\Microsoft\Windows\RemoteAssistance\RemoteAssistanceTask","N/A","Ready"
"TaskName","Next Run Time","Status"
"\Microsoft\Windows\RemovalTools\MRT_ERROR_HB","N/A","Ready"
"TaskName","Next Run Time","Status"
"TaskName","Next Run Time","Status"
"\Microsoft\Windows\Security\Pwdless\IntelligentPwdlessTask","20/08/2026 03:00:00","Ready"
"TaskName","Next Run Time","Status"
"\Microsoft\Windows\Servicing\StartComponentCleanup","N/A","Ready"
"TaskName","Next Run Time","Status"
"\Microsoft\Windows\SharedPC\Account Cleanup","N/A","Disabled"
"TaskName","Next Run Time","Status"
"\Microsoft\Windows\Shell\CreateObjectTask","N/A","Ready"
"\Microsoft\Windows\Shell\FamilySafetyMonitor","N/A","Ready"
"\Microsoft\Windows\Shell\FamilySafetyRefreshTask","N/A","Ready"
"\Microsoft\Windows\Shell\IndexerAutomaticMaintenance","N/A","Ready"
"\Microsoft\Windows\Shell\ThemeAssetTask_SyncFODState","N/A","Disabled"
"\Microsoft\Windows\Shell\ThemesSyncedImageDownload","N/A","Ready"
"\Microsoft\Windows\Shell\UpdateUserPictureTask","N/A","Ready"
"TaskName","Next Run Time","Status"
"\Microsoft\Windows\SoftwareProtectionPlatform\SvcRestartTask","26/07/2126 19:13:47","Ready"
"\Microsoft\Windows\SoftwareProtectionPlatform\SvcRestartTaskLogon","N/A","Disabled"
"\Microsoft\Windows\SoftwareProtectionPlatform\SvcRestartTaskNetwork","N/A","Disabled"
"TaskName","Next Run Time","Status"
"\Microsoft\Windows\SpacePort\SpaceAgentTask","N/A","Ready"
"\Microsoft\Windows\SpacePort\SpaceAgentTask","N/A","Ready"
"\Microsoft\Windows\SpacePort\SpaceManagerTask","N/A","Ready"
"\Microsoft\Windows\SpacePort\SpaceManagerTask","N/A","Ready"
"TaskName","Next Run Time","Status"
"\Microsoft\Windows\Speech\SpeechModelDownloadTask","20/08/2026 00:15:07","Ready"
"TaskName","Next Run Time","Status"
"\Microsoft\Windows\StateRepository\MaintenanceTasks","N/A","Ready"
"TaskName","Next Run Time","Status"
"\Microsoft\Windows\Storage Tiers Management\Storage Tiers Management Initialization","N/A","Ready"
"\Microsoft\Windows\Storage Tiers Management\Storage Tiers Optimization","N/A","Disabled"
"TaskName","Next Run Time","Status"
"\Microsoft\Windows\Subscription\EnableLicenseAcquisition","N/A","Ready"
"\Microsoft\Windows\Subscription\EnableLicenseAcquisition","N/A","Ready"
"\Microsoft\Windows\Subscription\EnableLicenseAcquisition","N/A","Ready"
"\Microsoft\Windows\Subscription\LicenseAcquisition","N/A","Disabled"
"\Microsoft\Windows\Subscription\LicenseAcquisition","N/A","Disabled"
"\Microsoft\Windows\Subscription\LicenseAcquisition","N/A","Disabled"
"TaskName","Next Run Time","Status"
"\Microsoft\Windows\Sysmain\HybridDriveCachePrepopulate","N/A","Disabled"
"\Microsoft\Windows\Sysmain\HybridDriveCacheRebalance","N/A","Disabled"
"\Microsoft\Windows\Sysmain\ResPriStaticDbSync","N/A","Ready"
"\Microsoft\Windows\Sysmain\WsSwapAssessmentTask","N/A","Ready"
"TaskName","Next Run Time","Status"
"\Microsoft\Windows\SystemRestore\SR","N/A","Ready"
"TaskName","Next Run Time","Status"
"\Microsoft\Windows\Task Manager\Interactive","N/A","Ready"
"TaskName","Next Run Time","Status"
"\Microsoft\Windows\TextServicesFramework\MsCtfMonitor","N/A","Ready"
"TaskName","Next Run Time","Status"
"\Microsoft\Windows\Time Synchronization\ForceSynchronizeTime","N/A","Ready"
"\Microsoft\Windows\Time Synchronization\ForceSynchronizeTime","N/A","Ready"
"\Microsoft\Windows\Time Synchronization\SynchronizeTime","N/A","Ready"
"TaskName","Next Run Time","Status"
"\Microsoft\Windows\Time Zone\SynchronizeTimeZone","N/A","Ready"
"TaskName","Next Run Time","Status"
"\Microsoft\Windows\TPM\Tpm-HASCertRetr","N/A","Ready"
"\Microsoft\Windows\TPM\Tpm-Maintenance","N/A","Ready"
"\Microsoft\Windows\TPM\Tpm-Maintenance","N/A","Ready"
"\Microsoft\Windows\TPM\Tpm-Maintenance","N/A","Ready"
"\Microsoft\Windows\TPM\Tpm-Maintenance","N/A","Ready"
"TaskName","Next Run Time","Status"
"\Microsoft\Windows\UNP\RunUpdateNotificationMgr","N/A","Disabled"
"\Microsoft\Windows\UNP\RunUpdateNotificationMgr","N/A","Disabled"
"TaskName","Next Run Time","Status"
"\Microsoft\Windows\UpdateOrchestrator\Report policies","N/A","Ready"
"\Microsoft\Windows\UpdateOrchestrator\Report policies","N/A","Ready"
"\Microsoft\Windows\UpdateOrchestrator\Schedule Maintenance Work","N/A","Disabled"
"\Microsoft\Windows\UpdateOrchestrator\Schedule Scan","20/08/2026 00:42:18","Ready"
"\Microsoft\Windows\UpdateOrchestrator\Schedule Scan Static Task","N/A","Ready"
"\Microsoft\Windows\UpdateOrchestrator\Schedule Scan Static Task","N/A","Ready"
"\Microsoft\Windows\UpdateOrchestrator\Schedule Scan Static Task","N/A","Ready"
"\Microsoft\Windows\UpdateOrchestrator\Schedule Scan Static Task","N/A","Ready"
"\Microsoft\Windows\UpdateOrchestrator\Schedule Scan Static Task","N/A","Ready"
"\Microsoft\Windows\UpdateOrchestrator\Schedule Wake To Work","N/A","Disabled"
"\Microsoft\Windows\UpdateOrchestrator\Schedule Work","22/08/2026 19:16:32","Ready"
"\Microsoft\Windows\UpdateOrchestrator\Start Oobe Expedite Work","N/A","Ready"
"\Microsoft\Windows\UpdateOrchestrator\StartOobeAppsScanAfterUpdate","N/A","Ready"
"\Microsoft\Windows\UpdateOrchestrator\StartOobeAppsScan_LicenseAccepted","N/A","Ready"
"\Microsoft\Windows\UpdateOrchestrator\USO_UxBroker","20/08/2026 22:30:33","Ready"
"\Microsoft\Windows\UpdateOrchestrator\USO_UxBroker","20/08/2026 03:16:57","Ready"
"\Microsoft\Windows\UpdateOrchestrator\UUS Failover Task","N/A","Ready"
"TaskName","Next Run Time","Status"
"\Microsoft\Windows\UPnP\UPnPHostConfig","N/A","Ready"
"TaskName","Next Run Time","Status"
"\Microsoft\Windows\USB\Usb-Notifications","N/A","Ready"
"\Microsoft\Windows\USB\Usb-Notifications","N/A","Ready"
"\Microsoft\Windows\USB\Usb-Notifications","N/A","Ready"
"\Microsoft\Windows\USB\Usb-Notifications","N/A","Ready"
"TaskName","Next Run Time","Status"
"\Microsoft\Windows\User Profile Service\HiveUploadTask","N/A","Disabled"
"TaskName","Next Run Time","Status"
"\Microsoft\Windows\WaaSMedic\DeferredWork","01/09/2026 07:23:59","Ready"
"\Microsoft\Windows\WaaSMedic\MaintenanceWork","N/A","Disabled"
"\Microsoft\Windows\WaaSMedic\PerformRemediation","23/08/2026 03:55:23","Ready"
"TaskName","Next Run Time","Status"
"\Microsoft\Windows\WCM\WiFiTask","N/A","Ready"
"TaskName","Next Run Time","Status"
"\Microsoft\Windows\WDI\ResolutionHost","N/A","Ready"
"TaskName","Next Run Time","Status"
"\Microsoft\Windows\Windows Defender\Windows Defender Cache Maintenance","N/A","Ready"
"\Microsoft\Windows\Windows Defender\Windows Defender Cleanup","N/A","Ready"
"\Microsoft\Windows\Windows Defender\Windows Defender Scheduled Scan","N/A","Ready"
"\Microsoft\Windows\Windows Defender\Windows Defender Verification","N/A","Ready"
"TaskName","Next Run Time","Status"
"\Microsoft\Windows\Windows Error Reporting\QueueReporting","19/08/2026 21:00:15","Ready"
"\Microsoft\Windows\Windows Error Reporting\QueueReporting","19/08/2026 21:46:58","Ready"
"\Microsoft\Windows\Windows Error Reporting\QueueReporting","19/08/2026 21:16:37","Ready"
"\Microsoft\Windows\Windows Error Reporting\QueueReporting","19/08/2026 21:50:52","Ready"
"\Microsoft\Windows\Windows Error Reporting\QueueReporting","19/08/2026 21:31:58","Ready"
"TaskName","Next Run Time","Status"
"\Microsoft\Windows\Windows Filtering Platform\BfeOnServiceStartTypeChange","N/A","Ready"
"TaskName","Next Run Time","Status"
"\Microsoft\Windows\Windows Media Sharing\UpdateLibrary","N/A","Ready"
"TaskName","Next Run Time","Status"
"\Microsoft\Windows\WindowsColorSystem\Calibration Loader","N/A","Ready"
"\Microsoft\Windows\WindowsColorSystem\Calibration Loader","N/A","Ready"
"TaskName","Next Run Time","Status"
"\Microsoft\Windows\WindowsUpdate\Refresh Group Policy Cache","N/A","Ready"
"\Microsoft\Windows\WindowsUpdate\Scheduled Start","N/A","Ready"
"\Microsoft\Windows\WindowsUpdate\Scheduled Start","N/A","Ready"
"\Microsoft\Windows\WindowsUpdate\Scheduled Start","N/A","Ready"
"\Microsoft\Windows\WindowsUpdate\Scheduled Start","N/A","Ready"
"TaskName","Next Run Time","Status"
"\Microsoft\Windows\Wininet\CacheTask","N/A","Running"
"TaskName","Next Run Time","Status"
"\Microsoft\Windows\WlanSvc\CDSSync","N/A","Ready"
"\Microsoft\Windows\WlanSvc\MoProfileManagement","N/A","Ready"
"\Microsoft\Windows\WlanSvc\MoProfileManagement","N/A","Ready"
"TaskName","Next Run Time","Status"
"\Microsoft\Windows\WOF\WIM-Hash-Management","N/A","Ready"
"\Microsoft\Windows\WOF\WIM-Hash-Management","N/A","Ready"
"\Microsoft\Windows\WOF\WIM-Hash-Validation","N/A","Disabled"
"TaskName","Next Run Time","Status"
"\Microsoft\Windows\Work Folders\Work Folders Logon Synchronization","N/A","Ready"
"\Microsoft\Windows\Work Folders\Work Folders Maintenance Work","N/A","Ready"
"TaskName","Next Run Time","Status"
"\Microsoft\Windows\Workplace Join\Automatic-Device-Join","N/A","Disabled"
"\Microsoft\Windows\Workplace Join\Automatic-Device-Join","N/A","Disabled"
"\Microsoft\Windows\Workplace Join\Device-Sync","N/A","Disabled"
"\Microsoft\Windows\Workplace Join\Recovery-Check","N/A","Disabled"
"\Microsoft\Windows\Workplace Join\Recovery-Check","N/A","Disabled"
"TaskName","Next Run Time","Status"
"\Microsoft\Windows\WwanSvc\NotificationTask","N/A","Ready"
"\Microsoft\Windows\WwanSvc\OobeDiscovery","N/A","Ready"
"\Microsoft\Windows\WwanSvc\OobeDiscovery","N/A","Ready"
"\Microsoft\Windows\WwanSvc\OobeDiscovery","N/A","Ready"
"TaskName","Next Run Time","Status"
"\Microsoft\XblGameSave\XblGameSaveTask","N/A","Ready"
"TaskName","Next Run Time","Status"
"\Mozilla\Firefox Background Update S-1-5-21-4092161071-254980728-3809120304-1001 308046B0AF4A39CB","20/08/2026 01:32:06","Ready"
"\Mozilla\Firefox Default Browser Agent 308046B0AF4A39CB","20/08/2026 14:47:13","Ready"
**********************
Windows PowerShell transcript end
End time: 20260819194024
**********************
